### YamlMime:UniversalReference
api_name: []
items:
- children: []
  class: google.cloud.pubsub_v1.types.Timestamp
  fullName: google.cloud.pubsub_v1.types.Timestamp
  inheritance:
  - inheritance:
    - type: builtins.object
    type: google._upb._message.Message
  - inheritance:
    - type: builtins.object
    type: google.protobuf.message.Message
  - inheritance:
    - type: builtins.object
    type: google.protobuf.internal.well_known_types.Timestamp
  langs:
  - python
  module: google.cloud.pubsub_v1.types
  name: Timestamp
  source:
    id: Timestamp
    path: null
    startLine: null
  summary: API documentation for `pubsub_v1.types.Timestamp` class.
  syntax: {}
  type: class
  uid: google.cloud.pubsub_v1.types.Timestamp
references: []
