### YamlMime:UniversalReference
api_name: []
items:
- attributes: []
  children:
  - google.pubsub_v1.services.publisher.pagers.ListTopicsAsyncPager
  class: google.pubsub_v1.services.publisher.pagers.ListTopicsAsyncPager
  fullName: google.pubsub_v1.services.publisher.pagers.ListTopicsAsyncPager
  inheritance:
  - type: builtins.object
  langs:
  - python
  module: google.pubsub_v1.services.publisher.pagers
  name: ListTopicsAsyncPager
  source:
    id: ListTopicsAsyncPager
    path: tests/testdata/gapic-combo/google/pubsub_v1/services/publisher/pagers.py
    remote:
      branch: add_goldens
      path: tests/testdata/gapic-combo/google/pubsub_v1/services/publisher/pagers.py
      repo: https://github.com/googleapis/sphinx-docfx-yaml
    startLine: 92
  summary: 'A pager for iterating through `list_topics` requests.


    This class thinly wraps an initial

    `google.pubsub_v1.types.ListTopicsResponse` object, and

    provides an `__aiter__` method to iterate through its

    `topics` field.


    If there are more pages, the `__aiter__` method will make additional

    `ListTopics` requests and continue to iterate

    through the `topics` field on the

    corresponding responses.


    All the usual `google.pubsub_v1.types.ListTopicsResponse`

    attributes are available on the pager. If multiple requests are made, only

    the most recent response is retained, and thus used for attribute lookup.


    '
  syntax:
    content: "ListTopicsAsyncPager(\n    method: typing.Callable[\n        [...],\
      \ typing.Awaitable[google.cloud.pubsub_v1.types.ListTopicsResponse]\n    ],\n\
      \    request: google.cloud.pubsub_v1.types.ListTopicsRequest,\n    response:\
      \ google.cloud.pubsub_v1.types.ListTopicsResponse,\n    *,\n    metadata: typing.Sequence[typing.Tuple[str,\
      \ str]] = ()\n)"
    parameters: []
  type: class
  uid: google.pubsub_v1.services.publisher.pagers.ListTopicsAsyncPager
- attributes: []
  class: google.pubsub_v1.services.publisher.pagers.ListTopicsAsyncPager
  fullName: google.pubsub_v1.services.publisher.pagers.ListTopicsAsyncPager
  inheritance:
  - type: builtins.object
  langs:
  - python
  module: google.pubsub_v1.services.publisher.pagers
  name: ListTopicsAsyncPager
  source:
    id: ListTopicsAsyncPager
    path: tests/testdata/gapic-combo/google/pubsub_v1/services/publisher/pagers.py
    remote:
      branch: add_goldens
      path: tests/testdata/gapic-combo/google/pubsub_v1/services/publisher/pagers.py
      repo: https://github.com/googleapis/sphinx-docfx-yaml
    startLine: 92
  summary: 'Instantiates the pager.

    '
  syntax:
    content: "ListTopicsAsyncPager(\n    method: typing.Callable[\n        [...],\
      \ typing.Awaitable[google.cloud.pubsub_v1.types.ListTopicsResponse]\n    ],\n\
      \    request: google.cloud.pubsub_v1.types.ListTopicsRequest,\n    response:\
      \ google.cloud.pubsub_v1.types.ListTopicsResponse,\n    *,\n    metadata: typing.Sequence[typing.Tuple[str,\
      \ str]] = ()\n)"
    parameters:
    - description: The method that was originally called, and which instantiated this
        pager.
      id: method
      var_type: Callable
    - description: The initial request object.
      id: request
      var_type: google.pubsub_v1.types.ListTopicsRequest
    - description: The initial response object.
      id: response
      var_type: google.pubsub_v1.types.ListTopicsResponse
    - description: Strings which should be sent along with the request as metadata.
      id: metadata
      var_type: Sequence[Tuple[str, str]]
  type: method
  uid: google.pubsub_v1.services.publisher.pagers.ListTopicsAsyncPager
references:
- fullName: google.pubsub_v1.services.publisher.pagers.ListTopicsAsyncPager
  isExternal: false
  name: ListTopicsAsyncPager
  parent: google.pubsub_v1.services.publisher.pagers.ListTopicsAsyncPager
  uid: google.pubsub_v1.services.publisher.pagers.ListTopicsAsyncPager
