### YamlMime:UniversalReference
api_name: []
items:
- children: []
  class: google.cloud.pubsub_v1.types.FileDescriptorSet
  fullName: google.cloud.pubsub_v1.types.FileDescriptorSet
  langs:
  - python
  module: google.cloud.pubsub_v1.types
  name: FileDescriptorSet
  source:
    id: FileDescriptorSet
    path: null
    startLine: null
  summary: API documentation for `pubsub_v1.types.FileDescriptorSet` class.
  syntax: {}
  type: class
  uid: google.cloud.pubsub_v1.types.FileDescriptorSet
references: []
