### YamlMime:UniversalReference
api_name: []
items:
- attributes:
  - description: Required. Project ID of the models to list.
    id: project_id
    var_type: str
  - description: Required. Dataset ID of the models to list.
    id: dataset_id
    var_type: str
  - description: "The maximum number of results to return in a\n   single response\
      \ page. Leverage the page tokens\n   to iterate through the entire collection."
    id: max_results
    var_type: google.protobuf.wrappers_pb2.UInt32Value
  - description: "Page token, returned by a previous call to\n   request the next\
      \ page of results"
    id: page_token
    var_type: str
  children:
  - google.cloud.bigquery_v2.types.ListModelsRequest.__delattr__
  - google.cloud.bigquery_v2.types.ListModelsRequest.__eq__
  - google.cloud.bigquery_v2.types.ListModelsRequest.__ne__
  - google.cloud.bigquery_v2.types.ListModelsRequest.__setattr__
  class: google.cloud.bigquery_v2.types.ListModelsRequest
  fullName: google.cloud.bigquery_v2.types.ListModelsRequest
  inheritance:
  - inheritance:
    - type: builtins.object
    type: proto.message.Message
  langs:
  - python
  module: google.cloud.bigquery_v2.types
  name: ListModelsRequest
  source:
    id: ListModelsRequest
    path: tests/testdata/gapic-combo/google/cloud/bigquery_v2/types/model.py
    remote:
      branch: add_goldens
      path: tests/testdata/gapic-combo/google/cloud/bigquery_v2/types/model.py
      repo: git@github.com:googleapis/sphinx-docfx-yaml.git
    startLine: 1931
  summary: ''
  syntax:
    content: ListModelsRequest(mapping=None, *, ignore_unknown_fields=False, **kwargs)
    parameters: []
  type: class
  uid: google.cloud.bigquery_v2.types.ListModelsRequest
- attributes: []
  class: google.cloud.bigquery_v2.types.ListModelsRequest
  fullName: google.cloud.bigquery_v2.types.ListModelsRequest.__delattr__
  langs:
  - python
  module: google.cloud.bigquery_v2.types
  name: __delattr__
  source:
    id: __delattr__
    path: .tox/update_goldens/lib/python3.9/site-packages/proto/message.py
    remote:
      branch: add_goldens
      path: .tox/update_goldens/lib/python3.9/site-packages/proto/message.py
      repo: git@github.com:googleapis/sphinx-docfx-yaml.git
    startLine: 701
  summary: 'Delete the value on the given field.


    This is generally equivalent to setting a falsy value.


    '
  syntax:
    content: __delattr__(key)
    parameters: []
  type: method
  uid: google.cloud.bigquery_v2.types.ListModelsRequest.__delattr__
- attributes: []
  class: google.cloud.bigquery_v2.types.ListModelsRequest
  fullName: google.cloud.bigquery_v2.types.ListModelsRequest.__eq__
  langs:
  - python
  module: google.cloud.bigquery_v2.types
  name: __eq__
  source:
    id: __eq__
    path: .tox/update_goldens/lib/python3.9/site-packages/proto/message.py
    remote:
      branch: add_goldens
      path: .tox/update_goldens/lib/python3.9/site-packages/proto/message.py
      repo: git@github.com:googleapis/sphinx-docfx-yaml.git
    startLine: 708
  summary: 'Return True if the messages are equal, False otherwise.


    '
  syntax:
    content: __eq__(other)
    parameters: []
  type: method
  uid: google.cloud.bigquery_v2.types.ListModelsRequest.__eq__
- attributes: []
  class: google.cloud.bigquery_v2.types.ListModelsRequest
  fullName: google.cloud.bigquery_v2.types.ListModelsRequest.__ne__
  langs:
  - python
  module: google.cloud.bigquery_v2.types
  name: __ne__
  source:
    id: __ne__
    path: .tox/update_goldens/lib/python3.9/site-packages/proto/message.py
    remote:
      branch: add_goldens
      path: .tox/update_goldens/lib/python3.9/site-packages/proto/message.py
      repo: git@github.com:googleapis/sphinx-docfx-yaml.git
    startLine: 754
  summary: 'Return True if the messages are unequal, False otherwise.


    '
  syntax:
    content: __ne__(other)
    parameters: []
  type: method
  uid: google.cloud.bigquery_v2.types.ListModelsRequest.__ne__
- attributes: []
  class: google.cloud.bigquery_v2.types.ListModelsRequest
  fullName: google.cloud.bigquery_v2.types.ListModelsRequest.__setattr__
  langs:
  - python
  module: google.cloud.bigquery_v2.types
  name: __setattr__
  source:
    id: __setattr__
    path: .tox/update_goldens/lib/python3.9/site-packages/proto/message.py
    remote:
      branch: add_goldens
      path: .tox/update_goldens/lib/python3.9/site-packages/proto/message.py
      repo: git@github.com:googleapis/sphinx-docfx-yaml.git
    startLine: 761
  summary: 'Set the value on the given field.


    For well-known protocol buffer types which are marshalled, either

    the protocol buffer object or the Python equivalent is accepted.


    '
  syntax:
    content: __setattr__(key, value)
    parameters: []
  type: method
  uid: google.cloud.bigquery_v2.types.ListModelsRequest.__setattr__
references:
- fullName: google.cloud.bigquery_v2.types.ListModelsRequest.__delattr__
  isExternal: false
  name: __delattr__
  parent: google.cloud.bigquery_v2.types.ListModelsRequest
  uid: google.cloud.bigquery_v2.types.ListModelsRequest.__delattr__
- fullName: google.cloud.bigquery_v2.types.ListModelsRequest.__eq__
  isExternal: false
  name: __eq__
  parent: google.cloud.bigquery_v2.types.ListModelsRequest
  uid: google.cloud.bigquery_v2.types.ListModelsRequest.__eq__
- fullName: google.cloud.bigquery_v2.types.ListModelsRequest.__ne__
  isExternal: false
  name: __ne__
  parent: google.cloud.bigquery_v2.types.ListModelsRequest
  uid: google.cloud.bigquery_v2.types.ListModelsRequest.__ne__
- fullName: google.cloud.bigquery_v2.types.ListModelsRequest.__setattr__
  isExternal: false
  name: __setattr__
  parent: google.cloud.bigquery_v2.types.ListModelsRequest
  uid: google.cloud.bigquery_v2.types.ListModelsRequest.__setattr__
