### YamlMime:UniversalReference
api_name: []
items:
- children: []
  class: google.cloud.pubsub_v1.types.ExtensionRangeOptions
  fullName: google.cloud.pubsub_v1.types.ExtensionRangeOptions
  inheritance:
  - inheritance:
    - type: builtins.object
    type: google._upb._message.Message
  - inheritance:
    - type: builtins.object
    type: google.protobuf.message.Message
  langs:
  - python
  module: google.cloud.pubsub_v1.types
  name: ExtensionRangeOptions
  source:
    id: ExtensionRangeOptions
    path: null
    startLine: null
  summary: API documentation for `pubsub_v1.types.ExtensionRangeOptions` class.
  syntax: {}
  type: class
  uid: google.cloud.pubsub_v1.types.ExtensionRangeOptions
references: []
