### YamlMime:UniversalReference
api_name: []
items:
- attributes: []
  children:
  - google.cloud.bigquery.query.ArrayQueryParameterType.from_api_repr
  - google.cloud.bigquery.query.ArrayQueryParameterType.to_api_repr
  class: google.cloud.bigquery.query.ArrayQueryParameterType
  fullName: google.cloud.bigquery.query.ArrayQueryParameterType
  inheritance:
  - inheritance:
    - type: builtins.object
    type: google.cloud.bigquery.query._AbstractQueryParameterType
  langs:
  - python
  module: google.cloud.bigquery.query
  name: ArrayQueryParameterType
  source:
    id: ArrayQueryParameterType
    path: tests/testdata/gapic-combo/google/cloud/bigquery/query.py
    remote:
      branch: add_goldens
      path: tests/testdata/gapic-combo/google/cloud/bigquery/query.py
      repo: git@github.com:googleapis/sphinx-docfx-yaml.git
    startLine: 213
  summary: 'Type representation for array query parameters.

    '
  syntax:
    content: ArrayQueryParameterType(array_type, *, name=None, description=None)
    parameters:
    - description: The type of array elements.
      id: array_type
      var_type: Union[ScalarQueryParameterType, StructQueryParameterType]
    - description: The name of the query parameter. Primarily used if the type is
        one of the subfields in <code>StructQueryParameterType</code> instance.
      id: name
      var_type: Optional[str]
    - description: The query parameter description. Primarily used if the type is
        one of the subfields in <code>StructQueryParameterType</code> instance.
      id: description
      var_type: Optional[str]
  type: class
  uid: google.cloud.bigquery.query.ArrayQueryParameterType
- attributes: []
  class: google.cloud.bigquery.query.ArrayQueryParameterType
  fullName: google.cloud.bigquery.query.ArrayQueryParameterType.from_api_repr
  langs:
  - python
  module: google.cloud.bigquery.query
  name: from_api_repr
  source:
    id: from_api_repr
    path: tests/testdata/gapic-combo/google/cloud/bigquery/query.py
    remote:
      branch: add_goldens
      path: tests/testdata/gapic-combo/google/cloud/bigquery/query.py
      repo: git@github.com:googleapis/sphinx-docfx-yaml.git
    startLine: 232
  summary: 'Factory: construct parameter type from JSON resource.

    '
  syntax:
    content: from_api_repr(resource)
    parameters:
    - description: JSON mapping of parameter
      id: resource
      var_type: Dict
    returns:
    - description: Instance
      var_type: google.cloud.bigquery.query.ArrayQueryParameterType
  type: method
  uid: google.cloud.bigquery.query.ArrayQueryParameterType.from_api_repr
- attributes: []
  class: google.cloud.bigquery.query.ArrayQueryParameterType
  fullName: google.cloud.bigquery.query.ArrayQueryParameterType.to_api_repr
  langs:
  - python
  module: google.cloud.bigquery.query
  name: to_api_repr
  source:
    id: to_api_repr
    path: tests/testdata/gapic-combo/google/cloud/bigquery/query.py
    remote:
      branch: add_goldens
      path: tests/testdata/gapic-combo/google/cloud/bigquery/query.py
      repo: git@github.com:googleapis/sphinx-docfx-yaml.git
    startLine: 252
  summary: 'Construct JSON API representation for the parameter type.

    '
  syntax:
    content: to_api_repr()
    parameters: []
    returns:
    - description: JSON mapping
      var_type: Dict
  type: method
  uid: google.cloud.bigquery.query.ArrayQueryParameterType.to_api_repr
references:
- fullName: google.cloud.bigquery.query.ArrayQueryParameterType.from_api_repr
  isExternal: false
  name: from_api_repr
  parent: google.cloud.bigquery.query.ArrayQueryParameterType
  uid: google.cloud.bigquery.query.ArrayQueryParameterType.from_api_repr
- fullName: google.cloud.bigquery.query.ArrayQueryParameterType.to_api_repr
  isExternal: false
  name: to_api_repr
  parent: google.cloud.bigquery.query.ArrayQueryParameterType
  uid: google.cloud.bigquery.query.ArrayQueryParameterType.to_api_repr
