### YamlMime:UniversalReference
api_name: []
items:
- attributes:
  - description: "Confidence threshold used when computing the\n   entries of the\
      \ confusion matrix."
    id: confidence_threshold
    var_type: google.protobuf.wrappers_pb2.DoubleValue
  - description: One row per actual label.
    id: rows
    var_type: Sequence[<xref uid="google.cloud.bigquery_v2.types.Model.MultiClassClassificationMetrics.ConfusionMatrix.Row">google.cloud.bigquery_v2.types.Model.MultiClassClassificationMetrics.ConfusionMatrix.Row</xref>]
  children:
  - google.cloud.bigquery_v2.types.Model.MultiClassClassificationMetrics.ConfusionMatrix.Entry
  - google.cloud.bigquery_v2.types.Model.MultiClassClassificationMetrics.ConfusionMatrix.Row
  - google.cloud.bigquery_v2.types.Model.MultiClassClassificationMetrics.ConfusionMatrix.__delattr__
  - google.cloud.bigquery_v2.types.Model.MultiClassClassificationMetrics.ConfusionMatrix.__eq__
  - google.cloud.bigquery_v2.types.Model.MultiClassClassificationMetrics.ConfusionMatrix.__ne__
  - google.cloud.bigquery_v2.types.Model.MultiClassClassificationMetrics.ConfusionMatrix.__setattr__
  class: google.cloud.bigquery_v2.types.Model.MultiClassClassificationMetrics.ConfusionMatrix
  fullName: google.cloud.bigquery_v2.types.Model.MultiClassClassificationMetrics.ConfusionMatrix
  inheritance:
  - inheritance:
    - type: builtins.object
    type: proto.message.Message
  langs:
  - python
  module: google.cloud.bigquery_v2.types.Model.MultiClassClassificationMetrics
  name: ConfusionMatrix
  source:
    id: ConfusionMatrix
    path: tests/testdata/gapic-combo/google/cloud/bigquery_v2/types/model.py
    remote:
      branch: add_goldens
      path: tests/testdata/gapic-combo/google/cloud/bigquery_v2/types/model.py
      repo: git@github.com:googleapis/sphinx-docfx-yaml.git
    startLine: 519
  summary: 'Confusion matrix for multi-class classification models.

    '
  syntax:
    content: ConfusionMatrix(mapping=None, *, ignore_unknown_fields=False, **kwargs)
    parameters: []
  type: class
  uid: google.cloud.bigquery_v2.types.Model.MultiClassClassificationMetrics.ConfusionMatrix
- attributes: []
  class: google.cloud.bigquery_v2.types.Model.MultiClassClassificationMetrics.ConfusionMatrix
  fullName: google.cloud.bigquery_v2.types.Model.MultiClassClassificationMetrics.ConfusionMatrix.__delattr__
  langs:
  - python
  module: google.cloud.bigquery_v2.types.Model.MultiClassClassificationMetrics
  name: __delattr__
  source:
    id: __delattr__
    path: .tox/update_goldens/lib/python3.9/site-packages/proto/message.py
    remote:
      branch: add_goldens
      path: .tox/update_goldens/lib/python3.9/site-packages/proto/message.py
      repo: git@github.com:googleapis/sphinx-docfx-yaml.git
    startLine: 701
  summary: 'Delete the value on the given field.


    This is generally equivalent to setting a falsy value.


    '
  syntax:
    content: __delattr__(key)
    parameters: []
  type: method
  uid: google.cloud.bigquery_v2.types.Model.MultiClassClassificationMetrics.ConfusionMatrix.__delattr__
- attributes: []
  class: google.cloud.bigquery_v2.types.Model.MultiClassClassificationMetrics.ConfusionMatrix
  fullName: google.cloud.bigquery_v2.types.Model.MultiClassClassificationMetrics.ConfusionMatrix.__eq__
  langs:
  - python
  module: google.cloud.bigquery_v2.types.Model.MultiClassClassificationMetrics
  name: __eq__
  source:
    id: __eq__
    path: .tox/update_goldens/lib/python3.9/site-packages/proto/message.py
    remote:
      branch: add_goldens
      path: .tox/update_goldens/lib/python3.9/site-packages/proto/message.py
      repo: git@github.com:googleapis/sphinx-docfx-yaml.git
    startLine: 708
  summary: 'Return True if the messages are equal, False otherwise.


    '
  syntax:
    content: __eq__(other)
    parameters: []
  type: method
  uid: google.cloud.bigquery_v2.types.Model.MultiClassClassificationMetrics.ConfusionMatrix.__eq__
- attributes: []
  class: google.cloud.bigquery_v2.types.Model.MultiClassClassificationMetrics.ConfusionMatrix
  fullName: google.cloud.bigquery_v2.types.Model.MultiClassClassificationMetrics.ConfusionMatrix.__ne__
  langs:
  - python
  module: google.cloud.bigquery_v2.types.Model.MultiClassClassificationMetrics
  name: __ne__
  source:
    id: __ne__
    path: .tox/update_goldens/lib/python3.9/site-packages/proto/message.py
    remote:
      branch: add_goldens
      path: .tox/update_goldens/lib/python3.9/site-packages/proto/message.py
      repo: git@github.com:googleapis/sphinx-docfx-yaml.git
    startLine: 754
  summary: 'Return True if the messages are unequal, False otherwise.


    '
  syntax:
    content: __ne__(other)
    parameters: []
  type: method
  uid: google.cloud.bigquery_v2.types.Model.MultiClassClassificationMetrics.ConfusionMatrix.__ne__
- attributes: []
  class: google.cloud.bigquery_v2.types.Model.MultiClassClassificationMetrics.ConfusionMatrix
  fullName: google.cloud.bigquery_v2.types.Model.MultiClassClassificationMetrics.ConfusionMatrix.__setattr__
  langs:
  - python
  module: google.cloud.bigquery_v2.types.Model.MultiClassClassificationMetrics
  name: __setattr__
  source:
    id: __setattr__
    path: .tox/update_goldens/lib/python3.9/site-packages/proto/message.py
    remote:
      branch: add_goldens
      path: .tox/update_goldens/lib/python3.9/site-packages/proto/message.py
      repo: git@github.com:googleapis/sphinx-docfx-yaml.git
    startLine: 761
  summary: 'Set the value on the given field.


    For well-known protocol buffer types which are marshalled, either

    the protocol buffer object or the Python equivalent is accepted.


    '
  syntax:
    content: __setattr__(key, value)
    parameters: []
  type: method
  uid: google.cloud.bigquery_v2.types.Model.MultiClassClassificationMetrics.ConfusionMatrix.__setattr__
references:
- fullName: google.cloud.bigquery_v2.types.Model.MultiClassClassificationMetrics.ConfusionMatrix.Entry
  isExternal: false
  name: Entry
  parent: google.cloud.bigquery_v2.types.Model.MultiClassClassificationMetrics.ConfusionMatrix
  uid: google.cloud.bigquery_v2.types.Model.MultiClassClassificationMetrics.ConfusionMatrix.Entry
- fullName: google.cloud.bigquery_v2.types.Model.MultiClassClassificationMetrics.ConfusionMatrix.Row
  isExternal: false
  name: Row
  parent: google.cloud.bigquery_v2.types.Model.MultiClassClassificationMetrics.ConfusionMatrix
  uid: google.cloud.bigquery_v2.types.Model.MultiClassClassificationMetrics.ConfusionMatrix.Row
- fullName: google.cloud.bigquery_v2.types.Model.MultiClassClassificationMetrics.ConfusionMatrix.__delattr__
  isExternal: false
  name: __delattr__
  parent: google.cloud.bigquery_v2.types.Model.MultiClassClassificationMetrics.ConfusionMatrix
  uid: google.cloud.bigquery_v2.types.Model.MultiClassClassificationMetrics.ConfusionMatrix.__delattr__
- fullName: google.cloud.bigquery_v2.types.Model.MultiClassClassificationMetrics.ConfusionMatrix.__eq__
  isExternal: false
  name: __eq__
  parent: google.cloud.bigquery_v2.types.Model.MultiClassClassificationMetrics.ConfusionMatrix
  uid: google.cloud.bigquery_v2.types.Model.MultiClassClassificationMetrics.ConfusionMatrix.__eq__
- fullName: google.cloud.bigquery_v2.types.Model.MultiClassClassificationMetrics.ConfusionMatrix.__ne__
  isExternal: false
  name: __ne__
  parent: google.cloud.bigquery_v2.types.Model.MultiClassClassificationMetrics.ConfusionMatrix
  uid: google.cloud.bigquery_v2.types.Model.MultiClassClassificationMetrics.ConfusionMatrix.__ne__
- fullName: google.cloud.bigquery_v2.types.Model.MultiClassClassificationMetrics.ConfusionMatrix.__setattr__
  isExternal: false
  name: __setattr__
  parent: google.cloud.bigquery_v2.types.Model.MultiClassClassificationMetrics.ConfusionMatrix
  uid: google.cloud.bigquery_v2.types.Model.MultiClassClassificationMetrics.ConfusionMatrix.__setattr__
