### YamlMime:UniversalReference
api_name: []
items:
- attributes: []
  children:
  - google.cloud.bigquery.external_config.GoogleSheetsOptions.from_api_repr
  - google.cloud.bigquery.external_config.GoogleSheetsOptions.range
  - google.cloud.bigquery.external_config.GoogleSheetsOptions.skip_leading_rows
  - google.cloud.bigquery.external_config.GoogleSheetsOptions.to_api_repr
  - google.cloud.bigquery.external_config.GoogleSheetsOptions.__init__
  - google.cloud.bigquery.external_config.GoogleSheetsOptions
  class: google.cloud.bigquery.external_config.GoogleSheetsOptions
  fullName: google.cloud.bigquery.external_config.GoogleSheetsOptions
  inheritance:
  - type: builtins.object
  langs:
  - python
  module: google.cloud.bigquery.external_config
  name: GoogleSheetsOptions
  source:
    id: GoogleSheetsOptions
    path: tests/testdata/gapic-combo/google/cloud/bigquery/external_config.py
    remote:
      branch: add_goldens
      path: tests/testdata/gapic-combo/google/cloud/bigquery/external_config.py
      repo: git@github.com:googleapis/sphinx-docfx-yaml.git
    startLine: 487
  summary: 'Options that describe how to treat Google Sheets as BigQuery tables.


    '
  syntax:
    content: GoogleSheetsOptions()
    parameters: []
  type: class
  uid: google.cloud.bigquery.external_config.GoogleSheetsOptions
- attributes: []
  class: google.cloud.bigquery.external_config.GoogleSheetsOptions
  fullName: google.cloud.bigquery.external_config.GoogleSheetsOptions.from_api_repr
  langs:
  - python
  module: google.cloud.bigquery.external_config
  name: from_api_repr
  source:
    id: from_api_repr
    path: tests/testdata/gapic-combo/google/cloud/bigquery/external_config.py
    remote:
      branch: add_goldens
      path: tests/testdata/gapic-combo/google/cloud/bigquery/external_config.py
      repo: git@github.com:googleapis/sphinx-docfx-yaml.git
    startLine: 531
  summary: 'Factory: construct a `.external_config.GoogleSheetsOptions`

    instance given its API representation.

    '
  syntax:
    content: 'from_api_repr(resource: dict)'
    parameters:
    - description: Definition of a <code>.external_config.GoogleSheetsOptions</code>
        instance in the same representation as is returned from the API.
      id: resource
      var_type: Dict[str, Any]
    returns:
    - description: Configuration parsed from <code>resource</code>.
      var_type: GoogleSheetsOptions
  type: method
  uid: google.cloud.bigquery.external_config.GoogleSheetsOptions.from_api_repr
- &id001
  attributes: []
  class: google.cloud.bigquery.external_config.GoogleSheetsOptions
  fullName: google.cloud.bigquery.external_config.GoogleSheetsOptions.range
  langs:
  - python
  module: google.cloud.bigquery.external_config
  name: range
  source:
    id: range
    path: null
    remote:
      branch: add_goldens
      path: null
      repo: git@github.com:googleapis/sphinx-docfx-yaml.git
    startLine: null
  summary: 'str: The range of a sheet that BigQuery will query from.


    See

    https://cloud.google.com/bigquery/docs/reference/rest/v2/tables#GoogleSheetsOptions.FIELDS.range


    '
  syntax: {}
  type: property
  uid: google.cloud.bigquery.external_config.GoogleSheetsOptions.range
- *id001
- &id002
  attributes: []
  class: google.cloud.bigquery.external_config.GoogleSheetsOptions
  fullName: google.cloud.bigquery.external_config.GoogleSheetsOptions.skip_leading_rows
  langs:
  - python
  module: google.cloud.bigquery.external_config
  name: skip_leading_rows
  source:
    id: skip_leading_rows
    path: null
    remote:
      branch: add_goldens
      path: null
      repo: git@github.com:googleapis/sphinx-docfx-yaml.git
    startLine: null
  summary: 'int: The number of rows at the top of a sheet that BigQuery will

    skip when reading the data.


    See

    https://cloud.google.com/bigquery/docs/reference/rest/v2/tables#GoogleSheetsOptions.FIELDS.skip_leading_rows


    '
  syntax: {}
  type: property
  uid: google.cloud.bigquery.external_config.GoogleSheetsOptions.skip_leading_rows
- *id002
- attributes: []
  class: google.cloud.bigquery.external_config.GoogleSheetsOptions
  fullName: google.cloud.bigquery.external_config.GoogleSheetsOptions.to_api_repr
  langs:
  - python
  module: google.cloud.bigquery.external_config
  name: to_api_repr
  source:
    id: to_api_repr
    path: tests/testdata/gapic-combo/google/cloud/bigquery/external_config.py
    remote:
      branch: add_goldens
      path: tests/testdata/gapic-combo/google/cloud/bigquery/external_config.py
      repo: git@github.com:googleapis/sphinx-docfx-yaml.git
    startLine: 523
  summary: 'Build an API representation of this object.

    '
  syntax:
    content: to_api_repr()
    parameters: []
    returns:
    - description: A dictionary in the format used by the BigQuery API.
      var_type: Dict[str, Any]
  type: method
  uid: google.cloud.bigquery.external_config.GoogleSheetsOptions.to_api_repr
- attributes: []
  class: google.cloud.bigquery.external_config.GoogleSheetsOptions
  fullName: google.cloud.bigquery.external_config.GoogleSheetsOptions.__init__
  langs:
  - python
  module: google.cloud.bigquery.external_config
  name: __init__
  source:
    id: __init__
    path: tests/testdata/gapic-combo/google/cloud/bigquery/external_config.py
    remote:
      branch: add_goldens
      path: tests/testdata/gapic-combo/google/cloud/bigquery/external_config.py
      repo: git@github.com:googleapis/sphinx-docfx-yaml.git
    startLine: 493
  summary: 'Initialize self.  See help(type(self)) for accurate signature.


    '
  syntax:
    content: __init__()
    parameters: []
  type: method
  uid: google.cloud.bigquery.external_config.GoogleSheetsOptions.__init__
- attributes: []
  class: google.cloud.bigquery.external_config.GoogleSheetsOptions
  fullName: google.cloud.bigquery.external_config.GoogleSheetsOptions
  inheritance:
  - type: builtins.object
  langs:
  - python
  module: google.cloud.bigquery.external_config
  name: GoogleSheetsOptions
  source:
    id: GoogleSheetsOptions
    path: tests/testdata/gapic-combo/google/cloud/bigquery/external_config.py
    remote:
      branch: add_goldens
      path: tests/testdata/gapic-combo/google/cloud/bigquery/external_config.py
      repo: git@github.com:googleapis/sphinx-docfx-yaml.git
    startLine: 487
  summary: 'Options that describe how to treat Google Sheets as BigQuery tables.


    '
  syntax:
    content: GoogleSheetsOptions()
    parameters: []
  type: method
  uid: google.cloud.bigquery.external_config.GoogleSheetsOptions
references:
- fullName: google.cloud.bigquery.external_config.GoogleSheetsOptions.from_api_repr
  isExternal: false
  name: from_api_repr
  parent: google.cloud.bigquery.external_config.GoogleSheetsOptions
  uid: google.cloud.bigquery.external_config.GoogleSheetsOptions.from_api_repr
- fullName: google.cloud.bigquery.external_config.GoogleSheetsOptions.range
  isExternal: false
  name: range
  parent: google.cloud.bigquery.external_config.GoogleSheetsOptions
  uid: google.cloud.bigquery.external_config.GoogleSheetsOptions.range
- fullName: google.cloud.bigquery.external_config.GoogleSheetsOptions.skip_leading_rows
  isExternal: false
  name: skip_leading_rows
  parent: google.cloud.bigquery.external_config.GoogleSheetsOptions
  uid: google.cloud.bigquery.external_config.GoogleSheetsOptions.skip_leading_rows
- fullName: google.cloud.bigquery.external_config.GoogleSheetsOptions.to_api_repr
  isExternal: false
  name: to_api_repr
  parent: google.cloud.bigquery.external_config.GoogleSheetsOptions
  uid: google.cloud.bigquery.external_config.GoogleSheetsOptions.to_api_repr
- fullName: google.cloud.bigquery.external_config.GoogleSheetsOptions.__init__
  isExternal: false
  name: __init__
  parent: google.cloud.bigquery.external_config.GoogleSheetsOptions
  uid: google.cloud.bigquery.external_config.GoogleSheetsOptions.__init__
- fullName: google.cloud.bigquery.external_config.GoogleSheetsOptions
  isExternal: false
  name: GoogleSheetsOptions
  parent: google.cloud.bigquery.external_config.GoogleSheetsOptions
  uid: google.cloud.bigquery.external_config.GoogleSheetsOptions
