### YamlMime:UniversalReference
api_name: []
items:
- children: []
  class: google.cloud.pubsub_v1.types.FileOptions
  fullName: google.cloud.pubsub_v1.types.FileOptions
  langs:
  - python
  module: google.cloud.pubsub_v1.types
  name: FileOptions
  source:
    id: FileOptions
    path: null
    startLine: null
  summary: API documentation for `pubsub_v1.types.FileOptions` class.
  syntax: {}
  type: class
  uid: google.cloud.pubsub_v1.types.FileOptions
references: []
