### YamlMime:UniversalReference
api_name: []
items:
- attributes:
  - description: "Counts of all categories for the categorical feature. If\n   there\
      \ are more than ten categories, we return top ten (by\n   count) and return\
      \ one more CategoryCount with category\n   \"*OTHER*\" and count as aggregate\
      \ counts of remaining\n   categories."
    id: category_counts
    var_type: Sequence[<xref uid="google.cloud.bigquery_v2.types.Model.ClusteringMetrics.Cluster.FeatureValue.CategoricalValue.CategoryCount">google.cloud.bigquery_v2.types.Model.ClusteringMetrics.Cluster.FeatureValue.CategoricalValue.CategoryCount</xref>]
  children:
  - google.cloud.bigquery_v2.types.Model.ClusteringMetrics.Cluster.FeatureValue.CategoricalValue.CategoryCount
  - google.cloud.bigquery_v2.types.Model.ClusteringMetrics.Cluster.FeatureValue.CategoricalValue.__delattr__
  - google.cloud.bigquery_v2.types.Model.ClusteringMetrics.Cluster.FeatureValue.CategoricalValue.__eq__
  - google.cloud.bigquery_v2.types.Model.ClusteringMetrics.Cluster.FeatureValue.CategoricalValue.__ne__
  - google.cloud.bigquery_v2.types.Model.ClusteringMetrics.Cluster.FeatureValue.CategoricalValue.__setattr__
  class: google.cloud.bigquery_v2.types.Model.ClusteringMetrics.Cluster.FeatureValue.CategoricalValue
  fullName: google.cloud.bigquery_v2.types.Model.ClusteringMetrics.Cluster.FeatureValue.CategoricalValue
  inheritance:
  - inheritance:
    - type: builtins.object
    type: proto.message.Message
  langs:
  - python
  module: google.cloud.bigquery_v2.types.Model.ClusteringMetrics.Cluster.FeatureValue
  name: CategoricalValue
  source:
    id: CategoricalValue
    path: tests/testdata/gapic-combo/google/cloud/bigquery_v2/types/model.py
    remote:
      branch: add_goldens
      path: tests/testdata/gapic-combo/google/cloud/bigquery_v2/types/model.py
      repo: git@github.com:googleapis/sphinx-docfx-yaml.git
    startLine: 646
  summary: 'Representative value of a categorical feature.

    '
  syntax:
    content: CategoricalValue(mapping=None, *, ignore_unknown_fields=False, **kwargs)
    parameters: []
  type: class
  uid: google.cloud.bigquery_v2.types.Model.ClusteringMetrics.Cluster.FeatureValue.CategoricalValue
- attributes: []
  class: google.cloud.bigquery_v2.types.Model.ClusteringMetrics.Cluster.FeatureValue.CategoricalValue
  fullName: google.cloud.bigquery_v2.types.Model.ClusteringMetrics.Cluster.FeatureValue.CategoricalValue.__delattr__
  langs:
  - python
  module: google.cloud.bigquery_v2.types.Model.ClusteringMetrics.Cluster.FeatureValue
  name: __delattr__
  source:
    id: __delattr__
    path: .tox/update_goldens/lib/python3.9/site-packages/proto/message.py
    remote:
      branch: add_goldens
      path: .tox/update_goldens/lib/python3.9/site-packages/proto/message.py
      repo: git@github.com:googleapis/sphinx-docfx-yaml.git
    startLine: 701
  summary: 'Delete the value on the given field.


    This is generally equivalent to setting a falsy value.


    '
  syntax:
    content: __delattr__(key)
    parameters: []
  type: method
  uid: google.cloud.bigquery_v2.types.Model.ClusteringMetrics.Cluster.FeatureValue.CategoricalValue.__delattr__
- attributes: []
  class: google.cloud.bigquery_v2.types.Model.ClusteringMetrics.Cluster.FeatureValue.CategoricalValue
  fullName: google.cloud.bigquery_v2.types.Model.ClusteringMetrics.Cluster.FeatureValue.CategoricalValue.__eq__
  langs:
  - python
  module: google.cloud.bigquery_v2.types.Model.ClusteringMetrics.Cluster.FeatureValue
  name: __eq__
  source:
    id: __eq__
    path: .tox/update_goldens/lib/python3.9/site-packages/proto/message.py
    remote:
      branch: add_goldens
      path: .tox/update_goldens/lib/python3.9/site-packages/proto/message.py
      repo: git@github.com:googleapis/sphinx-docfx-yaml.git
    startLine: 708
  summary: 'Return True if the messages are equal, False otherwise.


    '
  syntax:
    content: __eq__(other)
    parameters: []
  type: method
  uid: google.cloud.bigquery_v2.types.Model.ClusteringMetrics.Cluster.FeatureValue.CategoricalValue.__eq__
- attributes: []
  class: google.cloud.bigquery_v2.types.Model.ClusteringMetrics.Cluster.FeatureValue.CategoricalValue
  fullName: google.cloud.bigquery_v2.types.Model.ClusteringMetrics.Cluster.FeatureValue.CategoricalValue.__ne__
  langs:
  - python
  module: google.cloud.bigquery_v2.types.Model.ClusteringMetrics.Cluster.FeatureValue
  name: __ne__
  source:
    id: __ne__
    path: .tox/update_goldens/lib/python3.9/site-packages/proto/message.py
    remote:
      branch: add_goldens
      path: .tox/update_goldens/lib/python3.9/site-packages/proto/message.py
      repo: git@github.com:googleapis/sphinx-docfx-yaml.git
    startLine: 754
  summary: 'Return True if the messages are unequal, False otherwise.


    '
  syntax:
    content: __ne__(other)
    parameters: []
  type: method
  uid: google.cloud.bigquery_v2.types.Model.ClusteringMetrics.Cluster.FeatureValue.CategoricalValue.__ne__
- attributes: []
  class: google.cloud.bigquery_v2.types.Model.ClusteringMetrics.Cluster.FeatureValue.CategoricalValue
  fullName: google.cloud.bigquery_v2.types.Model.ClusteringMetrics.Cluster.FeatureValue.CategoricalValue.__setattr__
  langs:
  - python
  module: google.cloud.bigquery_v2.types.Model.ClusteringMetrics.Cluster.FeatureValue
  name: __setattr__
  source:
    id: __setattr__
    path: .tox/update_goldens/lib/python3.9/site-packages/proto/message.py
    remote:
      branch: add_goldens
      path: .tox/update_goldens/lib/python3.9/site-packages/proto/message.py
      repo: git@github.com:googleapis/sphinx-docfx-yaml.git
    startLine: 761
  summary: 'Set the value on the given field.


    For well-known protocol buffer types which are marshalled, either

    the protocol buffer object or the Python equivalent is accepted.


    '
  syntax:
    content: __setattr__(key, value)
    parameters: []
  type: method
  uid: google.cloud.bigquery_v2.types.Model.ClusteringMetrics.Cluster.FeatureValue.CategoricalValue.__setattr__
references:
- fullName: google.cloud.bigquery_v2.types.Model.ClusteringMetrics.Cluster.FeatureValue.CategoricalValue.CategoryCount
  isExternal: false
  name: CategoryCount
  parent: google.cloud.bigquery_v2.types.Model.ClusteringMetrics.Cluster.FeatureValue.CategoricalValue
  uid: google.cloud.bigquery_v2.types.Model.ClusteringMetrics.Cluster.FeatureValue.CategoricalValue.CategoryCount
- fullName: google.cloud.bigquery_v2.types.Model.ClusteringMetrics.Cluster.FeatureValue.CategoricalValue.__delattr__
  isExternal: false
  name: __delattr__
  parent: google.cloud.bigquery_v2.types.Model.ClusteringMetrics.Cluster.FeatureValue.CategoricalValue
  uid: google.cloud.bigquery_v2.types.Model.ClusteringMetrics.Cluster.FeatureValue.CategoricalValue.__delattr__
- fullName: google.cloud.bigquery_v2.types.Model.ClusteringMetrics.Cluster.FeatureValue.CategoricalValue.__eq__
  isExternal: false
  name: __eq__
  parent: google.cloud.bigquery_v2.types.Model.ClusteringMetrics.Cluster.FeatureValue.CategoricalValue
  uid: google.cloud.bigquery_v2.types.Model.ClusteringMetrics.Cluster.FeatureValue.CategoricalValue.__eq__
- fullName: google.cloud.bigquery_v2.types.Model.ClusteringMetrics.Cluster.FeatureValue.CategoricalValue.__ne__
  isExternal: false
  name: __ne__
  parent: google.cloud.bigquery_v2.types.Model.ClusteringMetrics.Cluster.FeatureValue.CategoricalValue
  uid: google.cloud.bigquery_v2.types.Model.ClusteringMetrics.Cluster.FeatureValue.CategoricalValue.__ne__
- fullName: google.cloud.bigquery_v2.types.Model.ClusteringMetrics.Cluster.FeatureValue.CategoricalValue.__setattr__
  isExternal: false
  name: __setattr__
  parent: google.cloud.bigquery_v2.types.Model.ClusteringMetrics.Cluster.FeatureValue.CategoricalValue
  uid: google.cloud.bigquery_v2.types.Model.ClusteringMetrics.Cluster.FeatureValue.CategoricalValue.__setattr__
