### YamlMime:UniversalReference
api_name: []
items:
- attributes:
  - description: Aggregate classification metrics.
    id: aggregate_classification_metrics
    var_type: <xref uid="google.cloud.bigquery_v2.types.Model.AggregateClassificationMetrics">google.cloud.bigquery_v2.types.Model.AggregateClassificationMetrics</xref>
  - description: "Binary confusion matrix at multiple\n   thresholds."
    id: binary_confusion_matrix_list
    var_type: Sequence[<xref uid="google.cloud.bigquery_v2.types.Model.BinaryClassificationMetrics.BinaryConfusionMatrix">google.cloud.bigquery_v2.types.Model.BinaryClassificationMetrics.BinaryConfusionMatrix</xref>]
  - description: Label representing the positive class.
    id: positive_label
    var_type: str
  - description: Label representing the negative class.
    id: negative_label
    var_type: str
  children:
  - google.cloud.bigquery_v2.types.Model.BinaryClassificationMetrics.BinaryConfusionMatrix
  - google.cloud.bigquery_v2.types.Model.BinaryClassificationMetrics.__delattr__
  - google.cloud.bigquery_v2.types.Model.BinaryClassificationMetrics.__eq__
  - google.cloud.bigquery_v2.types.Model.BinaryClassificationMetrics.__ne__
  - google.cloud.bigquery_v2.types.Model.BinaryClassificationMetrics.__setattr__
  class: google.cloud.bigquery_v2.types.Model.BinaryClassificationMetrics
  fullName: google.cloud.bigquery_v2.types.Model.BinaryClassificationMetrics
  inheritance:
  - inheritance:
    - type: builtins.object
    type: proto.message.Message
  langs:
  - python
  module: google.cloud.bigquery_v2.types.Model
  name: BinaryClassificationMetrics
  source:
    id: BinaryClassificationMetrics
    path: tests/testdata/gapic-combo/google/cloud/bigquery_v2/types/model.py
    remote:
      branch: add_goldens
      path: tests/testdata/gapic-combo/google/cloud/bigquery_v2/types/model.py
      repo: git@github.com:googleapis/sphinx-docfx-yaml.git
    startLine: 398
  summary: 'Evaluation metrics for binary classification/classifier

    models.

    '
  syntax:
    content: BinaryClassificationMetrics(mapping=None, *, ignore_unknown_fields=False,
      **kwargs)
    parameters: []
  type: class
  uid: google.cloud.bigquery_v2.types.Model.BinaryClassificationMetrics
- attributes: []
  class: google.cloud.bigquery_v2.types.Model.BinaryClassificationMetrics
  fullName: google.cloud.bigquery_v2.types.Model.BinaryClassificationMetrics.__delattr__
  langs:
  - python
  module: google.cloud.bigquery_v2.types.Model
  name: __delattr__
  source:
    id: __delattr__
    path: .tox/update_goldens/lib/python3.9/site-packages/proto/message.py
    remote:
      branch: add_goldens
      path: .tox/update_goldens/lib/python3.9/site-packages/proto/message.py
      repo: git@github.com:googleapis/sphinx-docfx-yaml.git
    startLine: 701
  summary: 'Delete the value on the given field.


    This is generally equivalent to setting a falsy value.


    '
  syntax:
    content: __delattr__(key)
    parameters: []
  type: method
  uid: google.cloud.bigquery_v2.types.Model.BinaryClassificationMetrics.__delattr__
- attributes: []
  class: google.cloud.bigquery_v2.types.Model.BinaryClassificationMetrics
  fullName: google.cloud.bigquery_v2.types.Model.BinaryClassificationMetrics.__eq__
  langs:
  - python
  module: google.cloud.bigquery_v2.types.Model
  name: __eq__
  source:
    id: __eq__
    path: .tox/update_goldens/lib/python3.9/site-packages/proto/message.py
    remote:
      branch: add_goldens
      path: .tox/update_goldens/lib/python3.9/site-packages/proto/message.py
      repo: git@github.com:googleapis/sphinx-docfx-yaml.git
    startLine: 708
  summary: 'Return True if the messages are equal, False otherwise.


    '
  syntax:
    content: __eq__(other)
    parameters: []
  type: method
  uid: google.cloud.bigquery_v2.types.Model.BinaryClassificationMetrics.__eq__
- attributes: []
  class: google.cloud.bigquery_v2.types.Model.BinaryClassificationMetrics
  fullName: google.cloud.bigquery_v2.types.Model.BinaryClassificationMetrics.__ne__
  langs:
  - python
  module: google.cloud.bigquery_v2.types.Model
  name: __ne__
  source:
    id: __ne__
    path: .tox/update_goldens/lib/python3.9/site-packages/proto/message.py
    remote:
      branch: add_goldens
      path: .tox/update_goldens/lib/python3.9/site-packages/proto/message.py
      repo: git@github.com:googleapis/sphinx-docfx-yaml.git
    startLine: 754
  summary: 'Return True if the messages are unequal, False otherwise.


    '
  syntax:
    content: __ne__(other)
    parameters: []
  type: method
  uid: google.cloud.bigquery_v2.types.Model.BinaryClassificationMetrics.__ne__
- attributes: []
  class: google.cloud.bigquery_v2.types.Model.BinaryClassificationMetrics
  fullName: google.cloud.bigquery_v2.types.Model.BinaryClassificationMetrics.__setattr__
  langs:
  - python
  module: google.cloud.bigquery_v2.types.Model
  name: __setattr__
  source:
    id: __setattr__
    path: .tox/update_goldens/lib/python3.9/site-packages/proto/message.py
    remote:
      branch: add_goldens
      path: .tox/update_goldens/lib/python3.9/site-packages/proto/message.py
      repo: git@github.com:googleapis/sphinx-docfx-yaml.git
    startLine: 761
  summary: 'Set the value on the given field.


    For well-known protocol buffer types which are marshalled, either

    the protocol buffer object or the Python equivalent is accepted.


    '
  syntax:
    content: __setattr__(key, value)
    parameters: []
  type: method
  uid: google.cloud.bigquery_v2.types.Model.BinaryClassificationMetrics.__setattr__
references:
- fullName: google.cloud.bigquery_v2.types.Model.BinaryClassificationMetrics.BinaryConfusionMatrix
  isExternal: false
  name: BinaryConfusionMatrix
  parent: google.cloud.bigquery_v2.types.Model.BinaryClassificationMetrics
  uid: google.cloud.bigquery_v2.types.Model.BinaryClassificationMetrics.BinaryConfusionMatrix
- fullName: google.cloud.bigquery_v2.types.Model.BinaryClassificationMetrics.__delattr__
  isExternal: false
  name: __delattr__
  parent: google.cloud.bigquery_v2.types.Model.BinaryClassificationMetrics
  uid: google.cloud.bigquery_v2.types.Model.BinaryClassificationMetrics.__delattr__
- fullName: google.cloud.bigquery_v2.types.Model.BinaryClassificationMetrics.__eq__
  isExternal: false
  name: __eq__
  parent: google.cloud.bigquery_v2.types.Model.BinaryClassificationMetrics
  uid: google.cloud.bigquery_v2.types.Model.BinaryClassificationMetrics.__eq__
- fullName: google.cloud.bigquery_v2.types.Model.BinaryClassificationMetrics.__ne__
  isExternal: false
  name: __ne__
  parent: google.cloud.bigquery_v2.types.Model.BinaryClassificationMetrics
  uid: google.cloud.bigquery_v2.types.Model.BinaryClassificationMetrics.__ne__
- fullName: google.cloud.bigquery_v2.types.Model.BinaryClassificationMetrics.__setattr__
  isExternal: false
  name: __setattr__
  parent: google.cloud.bigquery_v2.types.Model.BinaryClassificationMetrics
  uid: google.cloud.bigquery_v2.types.Model.BinaryClassificationMetrics.__setattr__
