### YamlMime:UniversalReference
api_name: []
items:
- attributes: []
  children:
  - google.cloud.bigquery.enums.SourceFormat.AVRO
  - google.cloud.bigquery.enums.SourceFormat.CSV
  - google.cloud.bigquery.enums.SourceFormat.DATASTORE_BACKUP
  - google.cloud.bigquery.enums.SourceFormat.NEWLINE_DELIMITED_JSON
  - google.cloud.bigquery.enums.SourceFormat.ORC
  - google.cloud.bigquery.enums.SourceFormat.PARQUET
  class: google.cloud.bigquery.enums.SourceFormat
  fullName: google.cloud.bigquery.enums.SourceFormat
  inheritance:
  - type: builtins.object
  langs:
  - python
  module: google.cloud.bigquery.enums
  name: SourceFormat
  source:
    id: SourceFormat
    path: tests/testdata/gapic-combo/google/cloud/bigquery/enums.py
    remote:
      branch: add_goldens
      path: tests/testdata/gapic-combo/google/cloud/bigquery/enums.py
      repo: git@github.com:googleapis/sphinx-docfx-yaml.git
    startLine: 176
  summary: 'The format of the data files. The default value is `CSV`.


    Note that the set of allowed values for loading data is different

    than the set used for external data sources (see

    <xref uid="google.cloud.bigquery.external_config.ExternalSourceFormat">ExternalSourceFormat</xref>).


    '
  syntax:
    content: SourceFormat()
  type: class
  uid: google.cloud.bigquery.enums.SourceFormat
- attributes: []
  class: google.cloud.bigquery.enums.SourceFormat
  fullName: google.cloud.bigquery.enums.SourceFormat.AVRO
  langs:
  - python
  module: google.cloud.bigquery.enums
  name: AVRO
  source:
    id: AVRO
    path: null
    remote:
      branch: add_goldens
      path: null
      repo: git@github.com:googleapis/sphinx-docfx-yaml.git
    startLine: null
  summary: 'Specifies Avro format.


    '
  syntax: {}
  type: attribute
  uid: google.cloud.bigquery.enums.SourceFormat.AVRO
- attributes: []
  class: google.cloud.bigquery.enums.SourceFormat
  fullName: google.cloud.bigquery.enums.SourceFormat.CSV
  langs:
  - python
  module: google.cloud.bigquery.enums
  name: CSV
  source:
    id: CSV
    path: null
    remote:
      branch: add_goldens
      path: null
      repo: git@github.com:googleapis/sphinx-docfx-yaml.git
    startLine: null
  summary: 'Specifies CSV format.


    '
  syntax: {}
  type: attribute
  uid: google.cloud.bigquery.enums.SourceFormat.CSV
- attributes: []
  class: google.cloud.bigquery.enums.SourceFormat
  fullName: google.cloud.bigquery.enums.SourceFormat.DATASTORE_BACKUP
  langs:
  - python
  module: google.cloud.bigquery.enums
  name: DATASTORE_BACKUP
  source:
    id: DATASTORE_BACKUP
    path: null
    remote:
      branch: add_goldens
      path: null
      repo: git@github.com:googleapis/sphinx-docfx-yaml.git
    startLine: null
  summary: 'Specifies datastore backup format


    '
  syntax: {}
  type: attribute
  uid: google.cloud.bigquery.enums.SourceFormat.DATASTORE_BACKUP
- attributes: []
  class: google.cloud.bigquery.enums.SourceFormat
  fullName: google.cloud.bigquery.enums.SourceFormat.NEWLINE_DELIMITED_JSON
  langs:
  - python
  module: google.cloud.bigquery.enums
  name: NEWLINE_DELIMITED_JSON
  source:
    id: NEWLINE_DELIMITED_JSON
    path: null
    remote:
      branch: add_goldens
      path: null
      repo: git@github.com:googleapis/sphinx-docfx-yaml.git
    startLine: null
  summary: 'Specifies newline delimited JSON format.


    '
  syntax: {}
  type: attribute
  uid: google.cloud.bigquery.enums.SourceFormat.NEWLINE_DELIMITED_JSON
- attributes: []
  class: google.cloud.bigquery.enums.SourceFormat
  fullName: google.cloud.bigquery.enums.SourceFormat.ORC
  langs:
  - python
  module: google.cloud.bigquery.enums
  name: ORC
  source:
    id: ORC
    path: null
    remote:
      branch: add_goldens
      path: null
      repo: git@github.com:googleapis/sphinx-docfx-yaml.git
    startLine: null
  summary: 'Specifies Orc format.


    '
  syntax: {}
  type: attribute
  uid: google.cloud.bigquery.enums.SourceFormat.ORC
- attributes: []
  class: google.cloud.bigquery.enums.SourceFormat
  fullName: google.cloud.bigquery.enums.SourceFormat.PARQUET
  langs:
  - python
  module: google.cloud.bigquery.enums
  name: PARQUET
  source:
    id: PARQUET
    path: null
    remote:
      branch: add_goldens
      path: null
      repo: git@github.com:googleapis/sphinx-docfx-yaml.git
    startLine: null
  summary: 'Specifies Parquet format.


    '
  syntax: {}
  type: attribute
  uid: google.cloud.bigquery.enums.SourceFormat.PARQUET
references:
- fullName: google.cloud.bigquery.enums.SourceFormat.AVRO
  isExternal: false
  name: AVRO
  parent: google.cloud.bigquery.enums.SourceFormat
  uid: google.cloud.bigquery.enums.SourceFormat.AVRO
- fullName: google.cloud.bigquery.enums.SourceFormat.CSV
  isExternal: false
  name: CSV
  parent: google.cloud.bigquery.enums.SourceFormat
  uid: google.cloud.bigquery.enums.SourceFormat.CSV
- fullName: google.cloud.bigquery.enums.SourceFormat.DATASTORE_BACKUP
  isExternal: false
  name: DATASTORE_BACKUP
  parent: google.cloud.bigquery.enums.SourceFormat
  uid: google.cloud.bigquery.enums.SourceFormat.DATASTORE_BACKUP
- fullName: google.cloud.bigquery.enums.SourceFormat.NEWLINE_DELIMITED_JSON
  isExternal: false
  name: NEWLINE_DELIMITED_JSON
  parent: google.cloud.bigquery.enums.SourceFormat
  uid: google.cloud.bigquery.enums.SourceFormat.NEWLINE_DELIMITED_JSON
- fullName: google.cloud.bigquery.enums.SourceFormat.ORC
  isExternal: false
  name: ORC
  parent: google.cloud.bigquery.enums.SourceFormat
  uid: google.cloud.bigquery.enums.SourceFormat.ORC
- fullName: google.cloud.bigquery.enums.SourceFormat.PARQUET
  isExternal: false
  name: PARQUET
  parent: google.cloud.bigquery.enums.SourceFormat
  uid: google.cloud.bigquery.enums.SourceFormat.PARQUET
