### YamlMime:UniversalReference
api_name: []
items:
- attributes:
  - description: Required. The updated snapshot object.
    id: snapshot
    var_type: google.pubsub_v1.types.Snapshot
  - description: "Required. Indicates which fields in the\n   provided snapshot to\
      \ update. Must be specified\n   and non-empty."
    id: update_mask
    var_type: google.protobuf.field_mask_pb2.FieldMask
  children: []
  class: google.cloud.pubsub_v1.types.UpdateSnapshotRequest
  fullName: google.cloud.pubsub_v1.types.UpdateSnapshotRequest
  inheritance:
  - inheritance:
    - type: builtins.object
    type: proto.message.Message
  langs:
  - python
  module: google.cloud.pubsub_v1.types
  name: UpdateSnapshotRequest
  source:
    id: UpdateSnapshotRequest
    path: null
    remote:
      branch: add_goldens
      path: null
      repo: https://github.com/googleapis/sphinx-docfx-yaml
    startLine: null
  summary: 'Request for the UpdateSnapshot method.

    '
  syntax:
    content: UpdateSnapshotRequest(mapping=None, *, ignore_unknown_fields=False, **kwargs)
    parameters: []
  type: class
  uid: google.cloud.pubsub_v1.types.UpdateSnapshotRequest
references: []
