### YamlMime:UniversalReference
api_name: []
items:
- attributes: []
  children: []
  class: google.cloud.bigquery.query.UDFResource
  fullName: google.cloud.bigquery.query.UDFResource
  inheritance:
  - type: builtins.object
  langs:
  - python
  module: google.cloud.bigquery.query
  name: UDFResource
  source:
    id: UDFResource
    path: tests/testdata/gapic-combo/google/cloud/bigquery/query.py
    remote:
      branch: add_goldens
      path: tests/testdata/gapic-combo/google/cloud/bigquery/query.py
      repo: git@github.com:googleapis/sphinx-docfx-yaml.git
    startLine: 93
  summary: 'Describe a single user-defined function (UDF) resource.

    '
  syntax:
    content: UDFResource(udf_type, value)
    parameters:
    - description: The type of the resource ('inlineCode' or 'resourceUri')
      id: udf_type
      var_type: str
    - description: The inline code or resource URI.
      id: value
      var_type: 'str See: https://cloud.google.com/bigquery/user-defined-functions#api'
  type: class
  uid: google.cloud.bigquery.query.UDFResource
references: []
