### YamlMime:UniversalReference
api_name: []
items:
- attributes: []
  children:
  - google.cloud.bigquery_v2.types.Model.LabelsEntry.__delattr__
  - google.cloud.bigquery_v2.types.Model.LabelsEntry.__eq__
  - google.cloud.bigquery_v2.types.Model.LabelsEntry.__ne__
  - google.cloud.bigquery_v2.types.Model.LabelsEntry.__setattr__
  class: google.cloud.bigquery_v2.types.Model.LabelsEntry
  fullName: google.cloud.bigquery_v2.types.Model.LabelsEntry
  inheritance:
  - inheritance:
    - type: builtins.object
    type: proto.message.Message
  langs:
  - python
  module: google.cloud.bigquery_v2.types.Model
  name: LabelsEntry
  source:
    id: LabelsEntry
    path: null
    remote:
      branch: add_goldens
      path: null
      repo: git@github.com:googleapis/sphinx-docfx-yaml.git
    startLine: null
  summary: 'The abstract base class for a message.

    '
  syntax:
    content: LabelsEntry(mapping=None, *, ignore_unknown_fields=False, **kwargs)
    parameters:
    - defaultValue: None
      description: Keys and values corresponding to the fields of the message.
      id: kwargs
      var_type: dict
    - description: A dictionary or message to be used to determine the values for
        this message.
      id: mapping
      var_type: Union[dict, <code>.Message</code>]
    - description: If True, do not raise errors for unknown fields. Only applied if
        <code>mapping</code> is a mapping type or there are keyword parameters.
      id: ignore_unknown_fields
      var_type: Optional(bool)
  type: class
  uid: google.cloud.bigquery_v2.types.Model.LabelsEntry
- attributes: []
  class: google.cloud.bigquery_v2.types.Model.LabelsEntry
  fullName: google.cloud.bigquery_v2.types.Model.LabelsEntry.__delattr__
  langs:
  - python
  module: google.cloud.bigquery_v2.types.Model
  name: __delattr__
  source:
    id: __delattr__
    path: .tox/update_goldens/lib/python3.9/site-packages/proto/message.py
    remote:
      branch: add_goldens
      path: .tox/update_goldens/lib/python3.9/site-packages/proto/message.py
      repo: git@github.com:googleapis/sphinx-docfx-yaml.git
    startLine: 701
  summary: 'Delete the value on the given field.


    This is generally equivalent to setting a falsy value.


    '
  syntax:
    content: __delattr__(key)
    parameters: []
  type: method
  uid: google.cloud.bigquery_v2.types.Model.LabelsEntry.__delattr__
- attributes: []
  class: google.cloud.bigquery_v2.types.Model.LabelsEntry
  fullName: google.cloud.bigquery_v2.types.Model.LabelsEntry.__eq__
  langs:
  - python
  module: google.cloud.bigquery_v2.types.Model
  name: __eq__
  source:
    id: __eq__
    path: .tox/update_goldens/lib/python3.9/site-packages/proto/message.py
    remote:
      branch: add_goldens
      path: .tox/update_goldens/lib/python3.9/site-packages/proto/message.py
      repo: git@github.com:googleapis/sphinx-docfx-yaml.git
    startLine: 708
  summary: 'Return True if the messages are equal, False otherwise.


    '
  syntax:
    content: __eq__(other)
    parameters: []
  type: method
  uid: google.cloud.bigquery_v2.types.Model.LabelsEntry.__eq__
- attributes: []
  class: google.cloud.bigquery_v2.types.Model.LabelsEntry
  fullName: google.cloud.bigquery_v2.types.Model.LabelsEntry.__ne__
  langs:
  - python
  module: google.cloud.bigquery_v2.types.Model
  name: __ne__
  source:
    id: __ne__
    path: .tox/update_goldens/lib/python3.9/site-packages/proto/message.py
    remote:
      branch: add_goldens
      path: .tox/update_goldens/lib/python3.9/site-packages/proto/message.py
      repo: git@github.com:googleapis/sphinx-docfx-yaml.git
    startLine: 754
  summary: 'Return True if the messages are unequal, False otherwise.


    '
  syntax:
    content: __ne__(other)
    parameters: []
  type: method
  uid: google.cloud.bigquery_v2.types.Model.LabelsEntry.__ne__
- attributes: []
  class: google.cloud.bigquery_v2.types.Model.LabelsEntry
  fullName: google.cloud.bigquery_v2.types.Model.LabelsEntry.__setattr__
  langs:
  - python
  module: google.cloud.bigquery_v2.types.Model
  name: __setattr__
  source:
    id: __setattr__
    path: .tox/update_goldens/lib/python3.9/site-packages/proto/message.py
    remote:
      branch: add_goldens
      path: .tox/update_goldens/lib/python3.9/site-packages/proto/message.py
      repo: git@github.com:googleapis/sphinx-docfx-yaml.git
    startLine: 761
  summary: 'Set the value on the given field.


    For well-known protocol buffer types which are marshalled, either

    the protocol buffer object or the Python equivalent is accepted.


    '
  syntax:
    content: __setattr__(key, value)
    parameters: []
  type: method
  uid: google.cloud.bigquery_v2.types.Model.LabelsEntry.__setattr__
references:
- fullName: google.cloud.bigquery_v2.types.Model.LabelsEntry.__delattr__
  isExternal: false
  name: __delattr__
  parent: google.cloud.bigquery_v2.types.Model.LabelsEntry
  uid: google.cloud.bigquery_v2.types.Model.LabelsEntry.__delattr__
- fullName: google.cloud.bigquery_v2.types.Model.LabelsEntry.__eq__
  isExternal: false
  name: __eq__
  parent: google.cloud.bigquery_v2.types.Model.LabelsEntry
  uid: google.cloud.bigquery_v2.types.Model.LabelsEntry.__eq__
- fullName: google.cloud.bigquery_v2.types.Model.LabelsEntry.__ne__
  isExternal: false
  name: __ne__
  parent: google.cloud.bigquery_v2.types.Model.LabelsEntry
  uid: google.cloud.bigquery_v2.types.Model.LabelsEntry.__ne__
- fullName: google.cloud.bigquery_v2.types.Model.LabelsEntry.__setattr__
  isExternal: false
  name: __setattr__
  parent: google.cloud.bigquery_v2.types.Model.LabelsEntry
  uid: google.cloud.bigquery_v2.types.Model.LabelsEntry.__setattr__
